MPLINK 4.40, Linker
Linker Map File - Created Mon Mar 05 20:01:39 2012

                                 Section Info
                  Section       Type    Address   Location Size(Bytes)
                ---------  ---------  ---------  ---------  ---------
                   .org_0       code   0x000000    program   0x000000
                   .org_1       code   0x000000    program   0x0002d2



                              Program Memory Usage 
                               Start         End      
                           ---------   ---------      
                            0x000000    0x000168      
            361 out of 8454 program addresses used, program memory utilization is 4%



                              Symbols - Sorted by Name
                     Name    Address   Location    Storage File                     
                ---------  ---------  ---------  --------- ---------                
                 eth_init   0x00008d    program     static D:\works\voltmeter\prog1_1.asm
          eth_send_packet   0x0000d7    program     static D:\works\voltmeter\prog1_1.asm
                     init   0x000121    program     static D:\works\voltmeter\prog1_1.asm
                init_vars   0x00000b    program     static D:\works\voltmeter\prog1_1.asm
             led_blue_off   0x00014e    program     static D:\works\voltmeter\prog1_1.asm
              led_blue_on   0x00014a    program     static D:\works\voltmeter\prog1_1.asm
            led_green_off   0x000146    program     static D:\works\voltmeter\prog1_1.asm
             led_green_on   0x000142    program     static D:\works\voltmeter\prog1_1.asm
              led_red_off   0x00013e    program     static D:\works\voltmeter\prog1_1.asm
               led_red_on   0x00013a    program     static D:\works\voltmeter\prog1_1.asm
                     loop   0x000153    program     static D:\works\voltmeter\prog1_1.asm
                     main   0x000152    program     static D:\works\voltmeter\prog1_1.asm
          measure_input_1   0x000138    program     static D:\works\voltmeter\prog1_1.asm
          measure_input_2   0x000139    program     static D:\works\voltmeter\prog1_1.asm
                 spi_init   0x000064    program     static D:\works\voltmeter\prog1_1.asm
              spi_no_dump   0x00008b    program     static D:\works\voltmeter\prog1_1.asm
                 spi_send   0x000072    program     static D:\works\voltmeter\prog1_1.asm
            spi_send_loop   0x000077    program     static D:\works\voltmeter\prog1_1.asm
            spi_send_wait   0x00007c    program     static D:\works\voltmeter\prog1_1.asm
                     wait   0x000002    program     static D:\works\voltmeter\prog1_1.asm
                    wloop   0x000006    program     static D:\works\voltmeter\prog1_1.asm



                              Symbols - Sorted by Address
                     Name    Address   Location    Storage File                     
                ---------  ---------  ---------  --------- ---------                
                     wait   0x000002    program     static D:\works\voltmeter\prog1_1.asm
                    wloop   0x000006    program     static D:\works\voltmeter\prog1_1.asm
                init_vars   0x00000b    program     static D:\works\voltmeter\prog1_1.asm
                 spi_init   0x000064    program     static D:\works\voltmeter\prog1_1.asm
                 spi_send   0x000072    program     static D:\works\voltmeter\prog1_1.asm
            spi_send_loop   0x000077    program     static D:\works\voltmeter\prog1_1.asm
            spi_send_wait   0x00007c    program     static D:\works\voltmeter\prog1_1.asm
              spi_no_dump   0x00008b    program     static D:\works\voltmeter\prog1_1.asm
                 eth_init   0x00008d    program     static D:\works\voltmeter\prog1_1.asm
          eth_send_packet   0x0000d7    program     static D:\works\voltmeter\prog1_1.asm
                     init   0x000121    program     static D:\works\voltmeter\prog1_1.asm
          measure_input_1   0x000138    program     static D:\works\voltmeter\prog1_1.asm
          measure_input_2   0x000139    program     static D:\works\voltmeter\prog1_1.asm
               led_red_on   0x00013a    program     static D:\works\voltmeter\prog1_1.asm
              led_red_off   0x00013e    program     static D:\works\voltmeter\prog1_1.asm
             led_green_on   0x000142    program     static D:\works\voltmeter\prog1_1.asm
            led_green_off   0x000146    program     static D:\works\voltmeter\prog1_1.asm
              led_blue_on   0x00014a    program     static D:\works\voltmeter\prog1_1.asm
             led_blue_off   0x00014e    program     static D:\works\voltmeter\prog1_1.asm
                     main   0x000152    program     static D:\works\voltmeter\prog1_1.asm
                     loop   0x000153    program     static D:\works\voltmeter\prog1_1.asm


