MPLINK 4.40, Linker
Linker Map File - Created Sat Mar 03 15:04:25 2012

                                 Section Info
                  Section       Type    Address   Location Size(Bytes)
                ---------  ---------  ---------  ---------  ---------
                   .org_0       code   0x000000    program   0x000000
                   .org_1       code   0x000000    program   0x0002e2



                              Program Memory Usage 
                               Start         End      
                           ---------   ---------      
                            0x000000    0x000170      
            369 out of 8454 program addresses used, program memory utilization is 4%



                              Symbols - Sorted by Name
                     Name    Address   Location    Storage File                     
                ---------  ---------  ---------  --------- ---------                
                 eth_init   0x00009d    program     static D:\works\voltmeter\prog1.asm
          eth_send_packet   0x0000e7    program     static D:\works\voltmeter\prog1.asm
                     init   0x000131    program     static D:\works\voltmeter\prog1.asm
                init_vars   0x000013    program     static D:\works\voltmeter\prog1.asm
             led_blue_off   0x00015e    program     static D:\works\voltmeter\prog1.asm
              led_blue_on   0x00015a    program     static D:\works\voltmeter\prog1.asm
            led_green_off   0x000156    program     static D:\works\voltmeter\prog1.asm
             led_green_on   0x000152    program     static D:\works\voltmeter\prog1.asm
              led_red_off   0x00014e    program     static D:\works\voltmeter\prog1.asm
               led_red_on   0x00014a    program     static D:\works\voltmeter\prog1.asm
                     loop   0x000163    program     static D:\works\voltmeter\prog1.asm
                     main   0x000162    program     static D:\works\voltmeter\prog1.asm
          measure_input_1   0x000148    program     static D:\works\voltmeter\prog1.asm
          measure_input_2   0x000149    program     static D:\works\voltmeter\prog1.asm
                 spi_init   0x00006c    program     static D:\works\voltmeter\prog1.asm
              spi_no_dump   0x000097    program     static D:\works\voltmeter\prog1.asm
                 spi_send   0x00007a    program     static D:\works\voltmeter\prog1.asm
            spi_send_loop   0x00007f    program     static D:\works\voltmeter\prog1.asm
            spi_send_wait   0x000087    program     static D:\works\voltmeter\prog1.asm
                     wait   0x000002    program     static D:\works\voltmeter\prog1.asm
                    wait3   0x00000b    program     static D:\works\voltmeter\prog1.asm
                    wait4   0x00000f    program     static D:\works\voltmeter\prog1.asm
                    wloop   0x000006    program     static D:\works\voltmeter\prog1.asm



                              Symbols - Sorted by Address
                     Name    Address   Location    Storage File                     
                ---------  ---------  ---------  --------- ---------                
                     wait   0x000002    program     static D:\works\voltmeter\prog1.asm
                    wloop   0x000006    program     static D:\works\voltmeter\prog1.asm
                    wait3   0x00000b    program     static D:\works\voltmeter\prog1.asm
                    wait4   0x00000f    program     static D:\works\voltmeter\prog1.asm
                init_vars   0x000013    program     static D:\works\voltmeter\prog1.asm
                 spi_init   0x00006c    program     static D:\works\voltmeter\prog1.asm
                 spi_send   0x00007a    program     static D:\works\voltmeter\prog1.asm
            spi_send_loop   0x00007f    program     static D:\works\voltmeter\prog1.asm
            spi_send_wait   0x000087    program     static D:\works\voltmeter\prog1.asm
              spi_no_dump   0x000097    program     static D:\works\voltmeter\prog1.asm
                 eth_init   0x00009d    program     static D:\works\voltmeter\prog1.asm
          eth_send_packet   0x0000e7    program     static D:\works\voltmeter\prog1.asm
                     init   0x000131    program     static D:\works\voltmeter\prog1.asm
          measure_input_1   0x000148    program     static D:\works\voltmeter\prog1.asm
          measure_input_2   0x000149    program     static D:\works\voltmeter\prog1.asm
               led_red_on   0x00014a    program     static D:\works\voltmeter\prog1.asm
              led_red_off   0x00014e    program     static D:\works\voltmeter\prog1.asm
             led_green_on   0x000152    program     static D:\works\voltmeter\prog1.asm
            led_green_off   0x000156    program     static D:\works\voltmeter\prog1.asm
              led_blue_on   0x00015a    program     static D:\works\voltmeter\prog1.asm
             led_blue_off   0x00015e    program     static D:\works\voltmeter\prog1.asm
                     main   0x000162    program     static D:\works\voltmeter\prog1.asm
                     loop   0x000163    program     static D:\works\voltmeter\prog1.asm


