MPLINK 4.40, Linker
Linker Map File - Created Sat Mar 10 18:54:33 2012

                                 Section Info
                  Section       Type    Address   Location Size(Bytes)
                ---------  ---------  ---------  ---------  ---------
                   .org_0       code   0x000000    program   0x000000
                   .org_1       code   0x000000    program   0x0000a6



                              Program Memory Usage 
                               Start         End      
                           ---------   ---------      
                            0x000000    0x000052      
            83 out of 8454 program addresses used, program memory utilization is 0%



                              Symbols - Sorted by Name
                     Name    Address   Location    Storage File                     
                ---------  ---------  ---------  --------- ---------                
                     init   0x000008    program     static D:\works\voltmeter\prog2.asm
                    loop1   0x00001f    program     static D:\works\voltmeter\prog2.asm
                    loop2   0x000030    program     static D:\works\voltmeter\prog2.asm
                    loop3   0x000041    program     static D:\works\voltmeter\prog2.asm
                     main   0x000018    program     static D:\works\voltmeter\prog2.asm
                     wait   0x000002    program     static D:\works\voltmeter\prog2.asm
                    wloop   0x000002    program     static D:\works\voltmeter\prog2.asm



                              Symbols - Sorted by Address
                     Name    Address   Location    Storage File                     
                ---------  ---------  ---------  --------- ---------                
                     wait   0x000002    program     static D:\works\voltmeter\prog2.asm
                    wloop   0x000002    program     static D:\works\voltmeter\prog2.asm
                     init   0x000008    program     static D:\works\voltmeter\prog2.asm
                     main   0x000018    program     static D:\works\voltmeter\prog2.asm
                    loop1   0x00001f    program     static D:\works\voltmeter\prog2.asm
                    loop2   0x000030    program     static D:\works\voltmeter\prog2.asm
                    loop3   0x000041    program     static D:\works\voltmeter\prog2.asm


