MPLINK 4.40, Linker
Linker Map File - Created Mon Mar 05 20:03:28 2012

                                 Section Info
                  Section       Type    Address   Location Size(Bytes)
                ---------  ---------  ---------  ---------  ---------
                   .org_0       code   0x000000    program   0x0002d0



                              Program Memory Usage 
                               Start         End      
                           ---------   ---------      
                            0x000000    0x000167      
            360 out of 8454 program addresses used, program memory utilization is 4%



                              Symbols - Sorted by Name
                     Name    Address   Location    Storage File                     
                ---------  ---------  ---------  --------- ---------                
                 eth_init   0x000029    program     static D:\works\voltmeter\eth.inc
          eth_send_packet   0x000073    program     static D:\works\voltmeter\eth.inc
                     init   0x000121    program     static D:\works\voltmeter\prog1_2.asm
                init_vars   0x0000c8    program     static D:\works\voltmeter\prog1_2.asm
             led_blue_off   0x00014d    program     static D:\works\voltmeter\prog1_2.asm
              led_blue_on   0x000149    program     static D:\works\voltmeter\prog1_2.asm
            led_green_off   0x000145    program     static D:\works\voltmeter\prog1_2.asm
             led_green_on   0x000141    program     static D:\works\voltmeter\prog1_2.asm
              led_red_off   0x00013d    program     static D:\works\voltmeter\prog1_2.asm
               led_red_on   0x000139    program     static D:\works\voltmeter\prog1_2.asm
                     loop   0x000152    program     static D:\works\voltmeter\prog1_2.asm
                     main   0x000151    program     static D:\works\voltmeter\prog1_2.asm
          measure_input_1   0x000137    program     static D:\works\voltmeter\prog1_2.asm
          measure_input_2   0x000138    program     static D:\works\voltmeter\prog1_2.asm
                 spi_init   0x000000    program     static D:\works\voltmeter\spi.inc
              spi_no_dump   0x000027    program     static D:\works\voltmeter\spi.inc
                 spi_send   0x00000e    program     static D:\works\voltmeter\spi.inc
            spi_send_loop   0x000013    program     static D:\works\voltmeter\spi.inc
            spi_send_wait   0x000018    program     static D:\works\voltmeter\spi.inc
                     wait   0x0000bf    program     static D:\works\voltmeter\prog1_2.asm
                    wloop   0x0000c3    program     static D:\works\voltmeter\prog1_2.asm



                              Symbols - Sorted by Address
                     Name    Address   Location    Storage File                     
                ---------  ---------  ---------  --------- ---------                
                 spi_init   0x000000    program     static D:\works\voltmeter\spi.inc
                 spi_send   0x00000e    program     static D:\works\voltmeter\spi.inc
            spi_send_loop   0x000013    program     static D:\works\voltmeter\spi.inc
            spi_send_wait   0x000018    program     static D:\works\voltmeter\spi.inc
              spi_no_dump   0x000027    program     static D:\works\voltmeter\spi.inc
                 eth_init   0x000029    program     static D:\works\voltmeter\eth.inc
          eth_send_packet   0x000073    program     static D:\works\voltmeter\eth.inc
                     wait   0x0000bf    program     static D:\works\voltmeter\prog1_2.asm
                    wloop   0x0000c3    program     static D:\works\voltmeter\prog1_2.asm
                init_vars   0x0000c8    program     static D:\works\voltmeter\prog1_2.asm
                     init   0x000121    program     static D:\works\voltmeter\prog1_2.asm
          measure_input_1   0x000137    program     static D:\works\voltmeter\prog1_2.asm
          measure_input_2   0x000138    program     static D:\works\voltmeter\prog1_2.asm
               led_red_on   0x000139    program     static D:\works\voltmeter\prog1_2.asm
              led_red_off   0x00013d    program     static D:\works\voltmeter\prog1_2.asm
             led_green_on   0x000141    program     static D:\works\voltmeter\prog1_2.asm
            led_green_off   0x000145    program     static D:\works\voltmeter\prog1_2.asm
              led_blue_on   0x000149    program     static D:\works\voltmeter\prog1_2.asm
             led_blue_off   0x00014d    program     static D:\works\voltmeter\prog1_2.asm
                     main   0x000151    program     static D:\works\voltmeter\prog1_2.asm
                     loop   0x000152    program     static D:\works\voltmeter\prog1_2.asm


